start ==========================
epoch 30
Using device: mps
model:alexnet
lr:0.01
opt:Adam
AlexNet原始结构，输入224x224，输出2类
train_data: 2227, test_data: 557, batch_size: 32
sample size:torch.Size([3, 224, 224])
Epoch 1, Train Loss: 8335.2285, Accuracy: 50.2919 %
Test Loss: 0.7030, Accuracy: 49.9102 %
Epoch 2, Train Loss: 106.8942, Accuracy: 49.2142 %
Test Loss: 0.7147, Accuracy: 49.9102 %
Epoch 3, Train Loss: 0.7014, Accuracy: 50.9205 %
Test Loss: 0.6944, Accuracy: 50.0898 %
Epoch 4, Train Loss: 0.6983, Accuracy: 49.6632 %
Test Loss: 0.6945, Accuracy: 50.0898 %
Epoch 5, Train Loss: 0.6956, Accuracy: 49.3489 %
Test Loss: 0.6932, Accuracy: 49.9102 %
Epoch 6, Train Loss: 0.6940, Accuracy: 50.2470 %
Test Loss: 0.6932, Accuracy: 50.0898 %
Epoch 7, Train Loss: 0.6939, Accuracy: 50.1123 %
Test Loss: 0.6939, Accuracy: 49.9102 %
Epoch 8, Train Loss: 0.6946, Accuracy: 49.1244 %
Test Loss: 0.6933, Accuracy: 50.0898 %
Epoch 9, Train Loss: 0.6956, Accuracy: 48.8550 %
Test Loss: 0.6932, Accuracy: 49.9102 %
Epoch 10, Train Loss: 0.6958, Accuracy: 48.0916 %
Test Loss: 0.6932, Accuracy: 50.0898 %
Epoch 11, Train Loss: 0.6941, Accuracy: 49.0346 %
Test Loss: 0.6932, Accuracy: 50.0898 %
Epoch 12, Train Loss: 0.6935, Accuracy: 50.3817 %
Test Loss: 0.6932, Accuracy: 49.9102 %
Epoch 13, Train Loss: 0.6936, Accuracy: 49.7979 %
Test Loss: 0.6935, Accuracy: 50.0898 %
Epoch 14, Train Loss: 0.6947, Accuracy: 50.1123 %
Test Loss: 0.6945, Accuracy: 49.9102 %
Epoch 15, Train Loss: 0.6939, Accuracy: 50.1123 %
Test Loss: 0.6932, Accuracy: 49.9102 %
Epoch 16, Train Loss: 0.6940, Accuracy: 50.6960 %
Test Loss: 0.6939, Accuracy: 50.0898 %
Epoch 17, Train Loss: 0.6939, Accuracy: 49.4836 %
Test Loss: 0.6932, Accuracy: 49.9102 %
Epoch 18, Train Loss: 0.6932, Accuracy: 50.5613 %
Test Loss: 0.6933, Accuracy: 49.9102 %
Epoch 19, Train Loss: 0.6938, Accuracy: 50.5613 %
Test Loss: 0.6939, Accuracy: 49.9102 %
Epoch 20, Train Loss: 0.6939, Accuracy: 49.8428 %
Test Loss: 0.6932, Accuracy: 50.0898 %
Epoch 21, Train Loss: 0.6935, Accuracy: 50.2919 %
Test Loss: 0.6933, Accuracy: 49.9102 %
Epoch 22, Train Loss: 0.6938, Accuracy: 51.0552 %
Test Loss: 0.6933, Accuracy: 50.0898 %
Epoch 23, Train Loss: 0.6938, Accuracy: 51.1899 %
Test Loss: 0.6932, Accuracy: 49.9102 %
Epoch 24, Train Loss: 0.6940, Accuracy: 48.4508 %
Test Loss: 0.6934, Accuracy: 49.9102 %
Epoch 25, Train Loss: 0.6938, Accuracy: 48.7203 %
Test Loss: 0.6932, Accuracy: 50.0898 %
Epoch 26, Train Loss: 0.6938, Accuracy: 49.4387 %
Test Loss: 0.6932, Accuracy: 49.9102 %
Epoch 27, Train Loss: 0.6942, Accuracy: 49.0346 %
Test Loss: 0.6933, Accuracy: 49.9102 %
Epoch 28, Train Loss: 0.6946, Accuracy: 47.6426 %
Test Loss: 0.6934, Accuracy: 49.9102 %
Epoch 29, Train Loss: 0.6938, Accuracy: 49.3938 %
Test Loss: 0.6933, Accuracy: 49.9102 %
Epoch 30, Train Loss: 0.6937, Accuracy: 48.2712 %
Test Loss: 0.6931, Accuracy: 50.0898 %
result plt ok.
cost 408.787024 s
最终结果: 测试损失: 0.6931, 准确率: 50.0898
finished.
