start ==========================
epoch 30
Using device: mps
model:alexnet
lr:0.001
opt:Adam
AlexNet原始结构，输入224x224，输出2类
train_data: 2227, test_data: 557, batch_size: 32
sample size:torch.Size([3, 224, 224])
Epoch 1, Train Loss: 0.7226, Accuracy: 50.9205 %
Test Loss: 0.6950, Accuracy: 52.7828 %
Epoch 2, Train Loss: 0.6850, Accuracy: 54.6026 %
Test Loss: 0.6935, Accuracy: 50.0898 %
Epoch 3, Train Loss: 0.6941, Accuracy: 48.8999 %
Test Loss: 0.6932, Accuracy: 50.0898 %
Epoch 4, Train Loss: 0.6944, Accuracy: 49.9775 %
Test Loss: 0.6945, Accuracy: 50.0898 %
Epoch 5, Train Loss: 0.6942, Accuracy: 49.4387 %
Test Loss: 0.6935, Accuracy: 50.0898 %
Epoch 6, Train Loss: 0.6938, Accuracy: 48.9897 %
Test Loss: 0.6931, Accuracy: 50.0898 %
Epoch 7, Train Loss: 0.6930, Accuracy: 50.7858 %
Test Loss: 0.6932, Accuracy: 50.0898 %
Epoch 8, Train Loss: 0.6939, Accuracy: 49.6183 %
Test Loss: 0.6936, Accuracy: 49.9102 %
Epoch 9, Train Loss: 0.6938, Accuracy: 49.0795 %
Test Loss: 0.6931, Accuracy: 50.0898 %
Epoch 10, Train Loss: 0.6938, Accuracy: 49.4836 %
Test Loss: 0.6932, Accuracy: 49.9102 %
Epoch 11, Train Loss: 0.6938, Accuracy: 48.7652 %
Test Loss: 0.6932, Accuracy: 50.0898 %
Epoch 12, Train Loss: 0.6937, Accuracy: 49.7081 %
Test Loss: 0.6932, Accuracy: 49.9102 %
Epoch 13, Train Loss: 0.6934, Accuracy: 51.0103 %
Test Loss: 0.6932, Accuracy: 49.9102 %
Epoch 14, Train Loss: 0.6930, Accuracy: 50.9205 %
Test Loss: 0.6933, Accuracy: 50.0898 %
Epoch 15, Train Loss: 0.6934, Accuracy: 50.0674 %
Test Loss: 0.6932, Accuracy: 49.9102 %
Epoch 16, Train Loss: 0.6943, Accuracy: 49.5285 %
Test Loss: 0.6932, Accuracy: 50.0898 %
Epoch 17, Train Loss: 0.6939, Accuracy: 48.1365 %
Test Loss: 0.6935, Accuracy: 49.9102 %
Epoch 18, Train Loss: 0.6935, Accuracy: 49.3489 %
Test Loss: 0.6932, Accuracy: 49.9102 %
Epoch 19, Train Loss: 0.6936, Accuracy: 48.8999 %
Test Loss: 0.6932, Accuracy: 50.0898 %
Epoch 20, Train Loss: 0.6936, Accuracy: 49.6632 %
Test Loss: 0.6932, Accuracy: 50.0898 %
Epoch 21, Train Loss: 0.6937, Accuracy: 48.6304 %
Test Loss: 0.6932, Accuracy: 49.9102 %
Epoch 22, Train Loss: 0.6935, Accuracy: 48.9448 %
Test Loss: 0.6931, Accuracy: 50.0898 %
Epoch 23, Train Loss: 0.6938, Accuracy: 49.9775 %
Test Loss: 0.6931, Accuracy: 50.0898 %
Epoch 24, Train Loss: 0.6929, Accuracy: 49.7081 %
Test Loss: 0.6932, Accuracy: 50.0898 %
Epoch 25, Train Loss: 0.6940, Accuracy: 48.3161 %
Test Loss: 0.6932, Accuracy: 50.0898 %
Epoch 26, Train Loss: 0.6934, Accuracy: 50.6960 %
Test Loss: 0.6932, Accuracy: 49.9102 %
Epoch 27, Train Loss: 0.6937, Accuracy: 49.2142 %
Test Loss: 0.6931, Accuracy: 50.0898 %
Epoch 28, Train Loss: 0.6938, Accuracy: 49.8428 %
Test Loss: 0.6932, Accuracy: 50.0898 %
Epoch 29, Train Loss: 0.6933, Accuracy: 51.0103 %
Test Loss: 0.6931, Accuracy: 49.9102 %
Epoch 30, Train Loss: 0.6930, Accuracy: 49.9775 %
Test Loss: 0.6932, Accuracy: 50.0898 %
result plt ok.
cost 410.540798 s
最终结果: 测试损失: 0.6932, 准确率: 50.0898
finished.
