start ==========================
epoch 30
Using device: mps
model:googlenet
lr:0.001
opt:Adam
输入3x100x100
GoogLeNet结构优化版，适合小尺寸输入
初始卷积核和通道数减少
Inception Block参数减少
堆叠层数减少
多次MaxPool
使用AdaptiveAvgPool2d和Dropout
初始卷积核：由 7x7/stride=2 改为 3x3/stride=1，通道数减少，适合小图像。
Inception Block：每个分支的通道数减少，参数量更小。
Inception Block 堆叠数：减少为 5 个，防止网络过深。
池化：每次池化后尺寸减半，最终特征图为 6x6，最后全局平均池化。
Dropout：增加到 0.5，防止过拟合。
全连接层：输入通道数为最后一个 Inception Block 的输出通道数。
train_data: 2227, test_data: 557, batch_size: 32
sample size:torch.Size([3, 100, 100])
Epoch 1, Train Loss: 0.6946, Accuracy: 50.5164 %
Test Loss: 0.6931, Accuracy: 50.0898 %
Epoch 2, Train Loss: 0.6936, Accuracy: 49.4387 %
Test Loss: 0.6930, Accuracy: 50.8079 %
Epoch 3, Train Loss: 0.6906, Accuracy: 54.0189 %
Test Loss: 0.6738, Accuracy: 62.8366 %
Epoch 4, Train Loss: 0.6873, Accuracy: 55.6803 %
Test Loss: 0.6852, Accuracy: 53.3214 %
Epoch 5, Train Loss: 0.6905, Accuracy: 55.6803 %
Test Loss: 0.6607, Accuracy: 61.7594 %
Epoch 6, Train Loss: 0.6594, Accuracy: 61.5626 %
Test Loss: 0.5684, Accuracy: 71.8133 %
Epoch 7, Train Loss: 0.5691, Accuracy: 71.3965 %
Test Loss: 0.5133, Accuracy: 75.9425 %
Epoch 8, Train Loss: 0.5182, Accuracy: 73.9111 %
Test Loss: 0.4766, Accuracy: 79.7127 %
Epoch 9, Train Loss: 0.4655, Accuracy: 78.6709 %
Test Loss: 0.5103, Accuracy: 73.0700 %
Epoch 10, Train Loss: 0.4469, Accuracy: 79.4791 %
Test Loss: 0.4254, Accuracy: 80.4309 %
Epoch 11, Train Loss: 0.4193, Accuracy: 80.9609 %
Test Loss: 0.3973, Accuracy: 83.4829 %
Epoch 12, Train Loss: 0.3870, Accuracy: 83.6102 %
Test Loss: 0.3792, Accuracy: 84.0215 %
Epoch 13, Train Loss: 0.3688, Accuracy: 84.4634 %
Test Loss: 0.3752, Accuracy: 81.3285 %
Epoch 14, Train Loss: 0.3447, Accuracy: 85.0471 %
Test Loss: 0.3435, Accuracy: 84.3806 %
Epoch 15, Train Loss: 0.3534, Accuracy: 84.9124 %
Test Loss: 0.3300, Accuracy: 84.5601 %
Epoch 16, Train Loss: 0.3197, Accuracy: 86.2595 %
Test Loss: 0.3081, Accuracy: 87.4327 %
Epoch 17, Train Loss: 0.2918, Accuracy: 88.1006 %
Test Loss: 0.3110, Accuracy: 85.6373 %
Epoch 18, Train Loss: 0.2722, Accuracy: 88.4149 %
Test Loss: 0.2922, Accuracy: 86.8941 %
Epoch 19, Train Loss: 0.2556, Accuracy: 89.7171 %
Test Loss: 0.3097, Accuracy: 85.0987 %
Epoch 20, Train Loss: 0.2543, Accuracy: 89.8069 %
Test Loss: 0.3004, Accuracy: 85.4578 %
Epoch 21, Train Loss: 0.2018, Accuracy: 92.3664 %
Test Loss: 0.2831, Accuracy: 87.4327 %
Epoch 22, Train Loss: 0.2103, Accuracy: 91.5132 %
Test Loss: 0.2678, Accuracy: 88.6894 %
Epoch 23, Train Loss: 0.1923, Accuracy: 92.6358 %
Test Loss: 0.3559, Accuracy: 84.2011 %
Epoch 24, Train Loss: 0.1682, Accuracy: 92.9951 %
Test Loss: 0.3913, Accuracy: 85.0987 %
Epoch 25, Train Loss: 0.1403, Accuracy: 94.1626 %
Test Loss: 0.3612, Accuracy: 86.1759 %
Epoch 26, Train Loss: 0.1274, Accuracy: 95.1055 %
Test Loss: 0.3406, Accuracy: 87.9713 %
Epoch 27, Train Loss: 0.0824, Accuracy: 96.6771 %
Test Loss: 0.4560, Accuracy: 86.5350 %
Epoch 28, Train Loss: 0.1423, Accuracy: 94.4769 %
Test Loss: 0.2808, Accuracy: 88.6894 %
Epoch 29, Train Loss: 0.1032, Accuracy: 96.2730 %
Test Loss: 0.3928, Accuracy: 88.5099 %
Epoch 30, Train Loss: 0.0945, Accuracy: 96.7220 %
Test Loss: 0.3927, Accuracy: 87.2531 %
result plt ok.
cost 251.965878 s
最终结果: 测试损失: 0.3927, 准确率: 87.2531
finished.
