start ==========================
epoch 30
Using device: mps
model:lenet
lr:0.001
opt:SGD
使用原生架构,仅修改输入size，和输出类别为2类
train_data: 2227, test_data: 557, batch_size: 64
sample size:torch.Size([3, 32, 32])
Epoch 1, Train Loss: 0.6941, Accuracy: 49.7081 %
Test Loss: 0.6948, Accuracy: 48.1149 %
Epoch 2, Train Loss: 0.6938, Accuracy: 50.2470 %
Test Loss: 0.6944, Accuracy: 49.0126 %
Epoch 3, Train Loss: 0.6933, Accuracy: 51.2348 %
Test Loss: 0.6940, Accuracy: 49.1921 %
Epoch 4, Train Loss: 0.6930, Accuracy: 51.8635 %
Test Loss: 0.6936, Accuracy: 50.4488 %
Epoch 5, Train Loss: 0.6926, Accuracy: 52.5819 %
Test Loss: 0.6932, Accuracy: 50.2693 %
Epoch 6, Train Loss: 0.6922, Accuracy: 53.0759 %
Test Loss: 0.6928, Accuracy: 50.2693 %
Epoch 7, Train Loss: 0.6918, Accuracy: 53.3902 %
Test Loss: 0.6924, Accuracy: 50.2693 %
Epoch 8, Train Loss: 0.6914, Accuracy: 54.2434 %
Test Loss: 0.6920, Accuracy: 51.7056 %
Epoch 9, Train Loss: 0.6911, Accuracy: 55.2313 %
Test Loss: 0.6916, Accuracy: 53.3214 %
Epoch 10, Train Loss: 0.6907, Accuracy: 55.8599 %
Test Loss: 0.6912, Accuracy: 54.3986 %
Epoch 11, Train Loss: 0.6903, Accuracy: 56.8029 %
Test Loss: 0.6909, Accuracy: 55.6553 %
Epoch 12, Train Loss: 0.6900, Accuracy: 57.0723 %
Test Loss: 0.6905, Accuracy: 56.3734 %
Epoch 13, Train Loss: 0.6896, Accuracy: 57.6560 %
Test Loss: 0.6901, Accuracy: 56.3734 %
Epoch 14, Train Loss: 0.6892, Accuracy: 57.8806 %
Test Loss: 0.6897, Accuracy: 57.2711 %
Epoch 15, Train Loss: 0.6888, Accuracy: 58.3745 %
Test Loss: 0.6893, Accuracy: 57.9892 %
Epoch 16, Train Loss: 0.6884, Accuracy: 58.7337 %
Test Loss: 0.6889, Accuracy: 58.1688 %
Epoch 17, Train Loss: 0.6880, Accuracy: 59.0031 %
Test Loss: 0.6885, Accuracy: 58.8869 %
Epoch 18, Train Loss: 0.6876, Accuracy: 59.4522 %
Test Loss: 0.6881, Accuracy: 59.6050 %
Epoch 19, Train Loss: 0.6872, Accuracy: 59.8563 %
Test Loss: 0.6877, Accuracy: 60.3232 %
Epoch 20, Train Loss: 0.6868, Accuracy: 60.1706 %
Test Loss: 0.6873, Accuracy: 60.1436 %
Epoch 21, Train Loss: 0.6863, Accuracy: 60.6646 %
Test Loss: 0.6869, Accuracy: 59.9641 %
Epoch 22, Train Loss: 0.6859, Accuracy: 60.7095 %
Test Loss: 0.6864, Accuracy: 60.3232 %
Epoch 23, Train Loss: 0.6855, Accuracy: 61.0687 %
Test Loss: 0.6860, Accuracy: 61.0413 %
Epoch 24, Train Loss: 0.6850, Accuracy: 61.3830 %
Test Loss: 0.6855, Accuracy: 61.9390 %
Epoch 25, Train Loss: 0.6845, Accuracy: 61.3830 %
Test Loss: 0.6850, Accuracy: 62.1185 %
Epoch 26, Train Loss: 0.6841, Accuracy: 61.5177 %
Test Loss: 0.6845, Accuracy: 62.4776 %
Epoch 27, Train Loss: 0.6836, Accuracy: 61.8770 %
Test Loss: 0.6840, Accuracy: 62.4776 %
Epoch 28, Train Loss: 0.6830, Accuracy: 62.1015 %
Test Loss: 0.6835, Accuracy: 62.6571 %
Epoch 29, Train Loss: 0.6825, Accuracy: 62.4158 %
Test Loss: 0.6830, Accuracy: 63.7343 %
Epoch 30, Train Loss: 0.6820, Accuracy: 62.6852 %
Test Loss: 0.6824, Accuracy: 63.9138 %
result plt ok.
cost 116.958314 s
最终结果: 测试损失: 0.6824, 准确率: 63.9138
finished.
