start ==========================
epoch 30
Using device: mps
model:resnet
lr:0.01
opt:Adam
ResNet简化版，适合100x100彩色图像二分类
通道数32-64-128-256，残差块数较少
每层2个BasicBlock
最后全局平均池化+全连接
train_data: 2227, test_data: 557, batch_size: 64
sample size:torch.Size([3, 100, 100])
Epoch 1, Train Loss: 0.8200, Accuracy: 54.3332 %
Test Loss: 1.2425, Accuracy: 50.6284 %
Epoch 2, Train Loss: 0.6651, Accuracy: 60.4850 %
Test Loss: 0.6523, Accuracy: 62.6571 %
Epoch 3, Train Loss: 0.6527, Accuracy: 64.2568 %
Test Loss: 0.7083, Accuracy: 59.0664 %
Epoch 4, Train Loss: 0.5909, Accuracy: 69.3758 %
Test Loss: 0.6656, Accuracy: 60.1436 %
Epoch 5, Train Loss: 0.5348, Accuracy: 73.1028 %
Test Loss: 0.9616, Accuracy: 59.2460 %
Epoch 6, Train Loss: 0.5274, Accuracy: 73.3273 %
Test Loss: 0.5548, Accuracy: 72.5314 %
Epoch 7, Train Loss: 0.4834, Accuracy: 77.0094 %
Test Loss: 0.5020, Accuracy: 75.2244 %
Epoch 8, Train Loss: 0.4482, Accuracy: 77.8177 %
Test Loss: 0.5461, Accuracy: 75.9425 %
Epoch 9, Train Loss: 0.4307, Accuracy: 78.0871 %
Test Loss: 0.4503, Accuracy: 78.0969 %
Epoch 10, Train Loss: 0.4040, Accuracy: 80.1527 %
Test Loss: 0.4249, Accuracy: 80.6104 %
Epoch 11, Train Loss: 0.3939, Accuracy: 82.5326 %
Test Loss: 0.7040, Accuracy: 75.9425 %
Epoch 12, Train Loss: 0.4049, Accuracy: 80.9609 %
Test Loss: 1.0646, Accuracy: 65.8887 %
Epoch 13, Train Loss: 0.4031, Accuracy: 81.1405 %
Test Loss: 0.4508, Accuracy: 78.9946 %
Epoch 14, Train Loss: 0.3798, Accuracy: 82.4877 %
Test Loss: 0.5961, Accuracy: 74.1472 %
Epoch 15, Train Loss: 0.3587, Accuracy: 83.8797 %
Test Loss: 0.5608, Accuracy: 76.4811 %
Epoch 16, Train Loss: 0.3431, Accuracy: 85.1370 %
Test Loss: 0.4156, Accuracy: 81.6876 %
Epoch 17, Train Loss: 0.3206, Accuracy: 85.2268 %
Test Loss: 0.5507, Accuracy: 76.3016 %
Epoch 18, Train Loss: 0.3127, Accuracy: 86.2595 %
Test Loss: 0.3722, Accuracy: 84.3806 %
Epoch 19, Train Loss: 0.3108, Accuracy: 87.0229 %
Test Loss: 0.4464, Accuracy: 81.5081 %
Epoch 20, Train Loss: 0.2994, Accuracy: 87.0678 %
Test Loss: 0.3723, Accuracy: 84.3806 %
Epoch 21, Train Loss: 0.2824, Accuracy: 87.6515 %
Test Loss: 0.4866, Accuracy: 80.6104 %
Epoch 22, Train Loss: 0.2856, Accuracy: 87.5168 %
Test Loss: 0.3798, Accuracy: 83.4829 %
Epoch 23, Train Loss: 0.2527, Accuracy: 89.5375 %
Test Loss: 0.6457, Accuracy: 77.5583 %
Epoch 24, Train Loss: 0.2583, Accuracy: 88.6843 %
Test Loss: 0.4030, Accuracy: 81.5081 %
Epoch 25, Train Loss: 0.2523, Accuracy: 89.1334 %
Test Loss: 0.4876, Accuracy: 83.3034 %
Epoch 26, Train Loss: 0.2249, Accuracy: 90.6601 %
Test Loss: 0.4131, Accuracy: 82.5853 %
Epoch 27, Train Loss: 0.2250, Accuracy: 90.2110 %
Test Loss: 0.3944, Accuracy: 84.0215 %
Epoch 28, Train Loss: 0.1876, Accuracy: 92.0072 %
Test Loss: 0.5300, Accuracy: 80.6104 %
Epoch 29, Train Loss: 0.2100, Accuracy: 91.3336 %
Test Loss: 0.4709, Accuracy: 84.3806 %
Epoch 30, Train Loss: 0.1641, Accuracy: 93.6237 %
Test Loss: 0.4956, Accuracy: 85.8169 %
result plt ok.
cost 452.668319 s
最终结果: 测试损失: 0.4956, 准确率: 85.8169
finished.
