start ==========================
epoch 30
Using device: mps
model:vgg
lr:0.01
opt:SGD
输入3x100x100
VGG结构优化版，适合小尺寸输入
通道数减少，层数适中
每层后加BN和Dropout
多次MaxPool
使用AdaptiveAvgPool2d和Dropout
适合2分类

通道数为32-64-128，参数量大幅减少。
每个VGG block后有BN和Dropout，提升泛化。
池化步长为2，特征图不会过早变小。
最后全局平均池化+Dropout+全连接，防止过拟合。
train_data: 2227, test_data: 557, batch_size: 32
sample size:torch.Size([3, 100, 100])
Epoch 1, Train Loss: 0.7773, Accuracy: 50.2021 %
Test Loss: 0.7304, Accuracy: 50.0898 %
Epoch 2, Train Loss: 0.7097, Accuracy: 55.1414 %
Test Loss: 0.7081, Accuracy: 51.3465 %
Epoch 3, Train Loss: 0.7007, Accuracy: 54.6924 %
Test Loss: 0.6998, Accuracy: 50.8079 %
Epoch 4, Train Loss: 0.6915, Accuracy: 56.6682 %
Test Loss: 0.6641, Accuracy: 58.7074 %
Epoch 5, Train Loss: 0.6618, Accuracy: 61.0687 %
Test Loss: 0.7038, Accuracy: 53.3214 %
Epoch 6, Train Loss: 0.6561, Accuracy: 60.9340 %
Test Loss: 0.6647, Accuracy: 56.9120 %
Epoch 7, Train Loss: 0.6433, Accuracy: 63.7629 %
Test Loss: 0.6677, Accuracy: 57.6302 %
Epoch 8, Train Loss: 0.6415, Accuracy: 64.0323 %
Test Loss: 0.6510, Accuracy: 59.6050 %
Epoch 9, Train Loss: 0.6208, Accuracy: 66.4122 %
Test Loss: 0.6241, Accuracy: 65.1706 %
Epoch 10, Train Loss: 0.6181, Accuracy: 66.8163 %
Test Loss: 0.5895, Accuracy: 71.0952 %
Epoch 11, Train Loss: 0.6130, Accuracy: 67.1756 %
Test Loss: 0.6504, Accuracy: 64.8115 %
Epoch 12, Train Loss: 0.5916, Accuracy: 68.8819 %
Test Loss: 0.5657, Accuracy: 71.6338 %
Epoch 13, Train Loss: 0.5732, Accuracy: 71.6659 %
Test Loss: 0.6234, Accuracy: 68.5817 %
Epoch 14, Train Loss: 0.5618, Accuracy: 71.9802 %
Test Loss: 0.7145, Accuracy: 59.9641 %
Epoch 15, Train Loss: 0.5590, Accuracy: 72.4293 %
Test Loss: 0.7163, Accuracy: 63.0162 %
Epoch 16, Train Loss: 0.5504, Accuracy: 72.6987 %
Test Loss: 0.5487, Accuracy: 71.6338 %
Epoch 17, Train Loss: 0.5094, Accuracy: 74.0009 %
Test Loss: 1.2579, Accuracy: 54.3986 %
Epoch 18, Train Loss: 0.5182, Accuracy: 74.3152 %
Test Loss: 0.7684, Accuracy: 63.7343 %
Epoch 19, Train Loss: 0.5000, Accuracy: 75.9317 %
Test Loss: 0.9583, Accuracy: 60.1436 %
Epoch 20, Train Loss: 0.4923, Accuracy: 76.6502 %
Test Loss: 1.4289, Accuracy: 52.6032 %
Epoch 21, Train Loss: 0.4825, Accuracy: 77.7279 %
Test Loss: 0.7993, Accuracy: 64.8115 %
Epoch 22, Train Loss: 0.4824, Accuracy: 76.9196 %
Test Loss: 1.0573, Accuracy: 57.8097 %
Epoch 23, Train Loss: 0.4581, Accuracy: 78.8954 %
Test Loss: 1.2501, Accuracy: 56.0144 %
Epoch 24, Train Loss: 0.4420, Accuracy: 79.0750 %
Test Loss: 1.9365, Accuracy: 53.6804 %
Epoch 25, Train Loss: 0.4484, Accuracy: 79.0750 %
Test Loss: 1.2731, Accuracy: 61.4004 %
Epoch 26, Train Loss: 0.4405, Accuracy: 79.6587 %
Test Loss: 1.6168, Accuracy: 53.6804 %
Epoch 27, Train Loss: 0.4424, Accuracy: 79.9282 %
Test Loss: 0.8253, Accuracy: 67.1454 %
Epoch 28, Train Loss: 0.4324, Accuracy: 80.5119 %
Test Loss: 1.0633, Accuracy: 64.6320 %
Epoch 29, Train Loss: 0.4189, Accuracy: 81.4100 %
Test Loss: 1.1422, Accuracy: 60.5027 %
Epoch 30, Train Loss: 0.4035, Accuracy: 81.4998 %
Test Loss: 1.5641, Accuracy: 58.3483 %
result plt ok.
cost 282.4295 s
最终结果: 测试损失: 1.5641, 准确率: 58.3483
finished.
