start ==========================
epoch 20
Using device: mps
model:vgg
lr:0.01
opt:SGD
VGG16结构，使用VGGBlock，输入224x224，输出2类
train_data: 2227, test_data: 557, batch_size: 64
sample size:torch.Size([3, 224, 224])
Epoch 1, Train Loss: 0.7055, Accuracy: 55.5905 %
Test Loss: 0.7204, Accuracy: 50.0898 %
Epoch 2, Train Loss: 0.6073, Accuracy: 66.6367 %
Test Loss: 0.5998, Accuracy: 69.2998 %
Epoch 3, Train Loss: 0.5051, Accuracy: 74.9439 %
Test Loss: 0.7467, Accuracy: 68.9408 %
start ==========================
epoch 20
Using device: mps
model:vgg
lr:0.01
opt:SGD
输入3x100x100
VGG结构优化版，适合小尺寸输入
通道数减少，层数适中
每层后加BN和Dropout
多次MaxPool
使用AdaptiveAvgPool2d和Dropout
适合2分类

通道数为32-64-128，参数量大幅减少。
每个VGG block后有BN和Dropout，提升泛化。
池化步长为2，特征图不会过早变小。
最后全局平均池化+Dropout+全连接，防止过拟合。
train_data: 2227, test_data: 557, batch_size: 64
sample size:torch.Size([3, 100, 100])
Epoch 1, Train Loss: 0.7721, Accuracy: 51.9084 %
Test Loss: 0.6978, Accuracy: 50.0898 %
Epoch 2, Train Loss: 0.7608, Accuracy: 49.9775 %
Test Loss: 0.6866, Accuracy: 52.2442 %
Epoch 3, Train Loss: 0.7337, Accuracy: 52.3125 %
Test Loss: 0.6930, Accuracy: 51.8851 %
Epoch 4, Train Loss: 0.7154, Accuracy: 52.4472 %
Test Loss: 0.6964, Accuracy: 50.9874 %
Epoch 5, Train Loss: 0.7035, Accuracy: 52.4472 %
Test Loss: 0.6815, Accuracy: 58.8869 %
Epoch 6, Train Loss: 0.7026, Accuracy: 53.0759 %
Test Loss: 0.6832, Accuracy: 53.8600 %
Epoch 7, Train Loss: 0.6980, Accuracy: 55.2762 %
Test Loss: 0.6911, Accuracy: 52.0646 %
Epoch 8, Train Loss: 0.6896, Accuracy: 53.7494 %
Test Loss: 0.6833, Accuracy: 54.0395 %
Epoch 9, Train Loss: 0.6856, Accuracy: 56.1293 %
Test Loss: 0.6786, Accuracy: 54.2190 %
Epoch 10, Train Loss: 0.6874, Accuracy: 55.5905 %
Test Loss: 0.6836, Accuracy: 53.3214 %
Epoch 11, Train Loss: 0.6850, Accuracy: 57.1172 %
Test Loss: 0.6755, Accuracy: 56.1939 %
Epoch 12, Train Loss: 0.6841, Accuracy: 56.9376 %
Test Loss: 0.6730, Accuracy: 55.6553 %
Epoch 13, Train Loss: 0.6777, Accuracy: 56.5784 %
Test Loss: 0.6639, Accuracy: 60.6822 %
Epoch 14, Train Loss: 0.6708, Accuracy: 58.4643 %
Test Loss: 0.6537, Accuracy: 61.7594 %
Epoch 15, Train Loss: 0.6666, Accuracy: 59.5420 %
Test Loss: 0.6551, Accuracy: 60.1436 %
Epoch 16, Train Loss: 0.6603, Accuracy: 61.4279 %
Test Loss: 0.6421, Accuracy: 62.1185 %
Epoch 17, Train Loss: 0.6597, Accuracy: 60.4850 %
Test Loss: 0.6411, Accuracy: 62.2980 %
Epoch 18, Train Loss: 0.6403, Accuracy: 63.0894 %
Test Loss: 0.6210, Accuracy: 65.7092 %
Epoch 19, Train Loss: 0.6413, Accuracy: 62.7301 %
Test Loss: 0.6193, Accuracy: 66.9659 %
Epoch 20, Train Loss: 0.6278, Accuracy: 65.0202 %
Test Loss: 0.7041, Accuracy: 61.7594 %
result plt ok.
cost 167.157668 s
最终结果: 测试损失: 0.7041, 准确率: 61.7594
finished.
start ==========================
epoch 30
Using device: mps
model:vgg
lr:0.01
opt:SGD
输入3x100x100
VGG结构优化版，适合小尺寸输入
通道数减少，层数适中
每层后加BN和Dropout
多次MaxPool
使用AdaptiveAvgPool2d和Dropout
适合2分类

通道数为32-64-128，参数量大幅减少。
每个VGG block后有BN和Dropout，提升泛化。
池化步长为2，特征图不会过早变小。
最后全局平均池化+Dropout+全连接，防止过拟合。
train_data: 2227, test_data: 557, batch_size: 64
sample size:torch.Size([3, 100, 100])
Epoch 1, Train Loss: 0.7867, Accuracy: 50.6062 %
Test Loss: 0.7166, Accuracy: 50.0898 %
Epoch 2, Train Loss: 0.7321, Accuracy: 52.0431 %
Test Loss: 0.7117, Accuracy: 51.5260 %
Epoch 3, Train Loss: 0.7282, Accuracy: 52.6718 %
Test Loss: 0.6949, Accuracy: 51.1670 %
Epoch 4, Train Loss: 0.7176, Accuracy: 52.6269 %
Test Loss: 0.6933, Accuracy: 52.0646 %
Epoch 5, Train Loss: 0.7000, Accuracy: 53.1657 %
Test Loss: 0.6747, Accuracy: 56.7325 %
Epoch 6, Train Loss: 0.6867, Accuracy: 56.3987 %
Test Loss: 0.6760, Accuracy: 55.4758 %
Epoch 7, Train Loss: 0.6851, Accuracy: 55.6354 %
Test Loss: 0.6715, Accuracy: 56.9120 %
Epoch 8, Train Loss: 0.6703, Accuracy: 58.0602 %
Test Loss: 0.6673, Accuracy: 56.9120 %
Epoch 9, Train Loss: 0.6784, Accuracy: 57.3417 %
Test Loss: 0.6647, Accuracy: 57.9892 %
Epoch 10, Train Loss: 0.6696, Accuracy: 59.0031 %
Test Loss: 0.6414, Accuracy: 64.9910 %
Epoch 11, Train Loss: 0.6729, Accuracy: 58.9133 %
Test Loss: 0.6433, Accuracy: 63.9138 %
Epoch 12, Train Loss: 0.6489, Accuracy: 62.2362 %
Test Loss: 0.6328, Accuracy: 66.7864 %
Epoch 13, Train Loss: 0.6523, Accuracy: 62.2362 %
Test Loss: 0.6535, Accuracy: 66.7864 %
Epoch 14, Train Loss: 0.6430, Accuracy: 63.4486 %
Test Loss: 0.6189, Accuracy: 67.5045 %
Epoch 15, Train Loss: 0.6330, Accuracy: 63.8527 %
Test Loss: 0.6585, Accuracy: 66.7864 %
Epoch 16, Train Loss: 0.6371, Accuracy: 63.8976 %
Test Loss: 0.6130, Accuracy: 70.1975 %
Epoch 17, Train Loss: 0.6225, Accuracy: 65.5141 %
Test Loss: 0.6164, Accuracy: 68.0431 %
Epoch 18, Train Loss: 0.6156, Accuracy: 66.7714 %
Test Loss: 0.6522, Accuracy: 66.6068 %
Epoch 19, Train Loss: 0.6088, Accuracy: 67.6246 %
Test Loss: 0.7292, Accuracy: 65.3501 %
Epoch 20, Train Loss: 0.6123, Accuracy: 68.5227 %
Test Loss: 0.5745, Accuracy: 72.7110 %
Epoch 21, Train Loss: 0.5846, Accuracy: 70.4086 %
Test Loss: 0.7405, Accuracy: 60.5027 %
Epoch 22, Train Loss: 0.5827, Accuracy: 69.9147 %
Test Loss: 0.8193, Accuracy: 59.2460 %
Epoch 23, Train Loss: 0.5776, Accuracy: 70.7678 %
Test Loss: 0.8200, Accuracy: 63.9138 %
Epoch 24, Train Loss: 0.5704, Accuracy: 71.2169 %
Test Loss: 0.6203, Accuracy: 69.6589 %
Epoch 25, Train Loss: 0.5471, Accuracy: 72.9681 %
Test Loss: 0.5358, Accuracy: 76.4811 %
Epoch 26, Train Loss: 0.5449, Accuracy: 73.0130 %
Test Loss: 0.5779, Accuracy: 72.1724 %
Epoch 27, Train Loss: 0.5267, Accuracy: 74.3152 %
Test Loss: 1.1971, Accuracy: 57.2711 %
Epoch 28, Train Loss: 0.5333, Accuracy: 74.0458 %
Test Loss: 1.4233, Accuracy: 56.1939 %
Epoch 29, Train Loss: 0.5084, Accuracy: 75.7521 %
Test Loss: 0.7680, Accuracy: 67.8636 %
Epoch 30, Train Loss: 0.5135, Accuracy: 75.2582 %
Test Loss: 1.0265, Accuracy: 64.0934 %
result plt ok.
cost 243.841173 s
最终结果: 测试损失: 1.0265, 准确率: 64.0934
finished.
start ==========================
epoch 30
Using device: mps
model:vgg
lr:0.01
opt:SGD
输入3x100x100
VGG结构优化版，适合小尺寸输入
通道数减少，层数适中
每层后加BN和Dropout
多次MaxPool
使用AdaptiveAvgPool2d和Dropout
适合2分类

通道数为32-64-128，参数量大幅减少。
每个VGG block后有BN和Dropout，提升泛化。
池化步长为2，特征图不会过早变小。
最后全局平均池化+Dropout+全连接，防止过拟合。
train_data: 2227, test_data: 557, batch_size: 64
sample size:torch.Size([3, 100, 100])
Epoch 1, Train Loss: 0.7626, Accuracy: 51.9533 %
Test Loss: 0.7134, Accuracy: 50.4488 %
Epoch 2, Train Loss: 0.7471, Accuracy: 51.8635 %
Test Loss: 0.6959, Accuracy: 51.7056 %
Epoch 3, Train Loss: 0.7206, Accuracy: 55.4109 %
Test Loss: 0.7291, Accuracy: 50.0898 %
Epoch 4, Train Loss: 0.7108, Accuracy: 52.3125 %
Test Loss: 0.6970, Accuracy: 50.9874 %
Epoch 5, Train Loss: 0.7084, Accuracy: 53.6147 %
Test Loss: 0.6851, Accuracy: 53.8600 %
Epoch 6, Train Loss: 0.7045, Accuracy: 54.1985 %
Test Loss: 0.7151, Accuracy: 50.2693 %
Epoch 7, Train Loss: 0.6883, Accuracy: 56.3089 %
Test Loss: 0.7088, Accuracy: 50.6284 %
Epoch 8, Train Loss: 0.6774, Accuracy: 57.9704 %
Test Loss: 0.6912, Accuracy: 51.5260 %
Epoch 9, Train Loss: 0.6828, Accuracy: 56.5335 %
Test Loss: 0.6855, Accuracy: 51.3465 %
Epoch 10, Train Loss: 0.6746, Accuracy: 60.3502 %
Test Loss: 0.7073, Accuracy: 52.0646 %
Epoch 11, Train Loss: 0.6639, Accuracy: 60.5299 %
Test Loss: 0.6853, Accuracy: 52.2442 %
Epoch 12, Train Loss: 0.6598, Accuracy: 61.8321 %
Test Loss: 0.7286, Accuracy: 51.7056 %
Epoch 13, Train Loss: 0.6491, Accuracy: 62.3260 %
Test Loss: 0.7053, Accuracy: 51.8851 %
Epoch 14, Train Loss: 0.6450, Accuracy: 62.6852 %
Test Loss: 0.6308, Accuracy: 64.0934 %
Epoch 15, Train Loss: 0.6278, Accuracy: 66.0530 %
Test Loss: 0.5958, Accuracy: 68.0431 %
Epoch 16, Train Loss: 0.6391, Accuracy: 64.5712 %
Test Loss: 0.7770, Accuracy: 50.6284 %
Epoch 17, Train Loss: 0.6208, Accuracy: 65.5590 %
Test Loss: 0.6093, Accuracy: 63.7343 %
Epoch 18, Train Loss: 0.6094, Accuracy: 67.4450 %
Test Loss: 0.6304, Accuracy: 60.6822 %
Epoch 19, Train Loss: 0.6090, Accuracy: 66.9960 %
Test Loss: 0.6334, Accuracy: 64.0934 %
Epoch 20, Train Loss: 0.6089, Accuracy: 67.4001 %
Test Loss: 0.5657, Accuracy: 72.7110 %
Epoch 21, Train Loss: 0.5964, Accuracy: 68.2533 %
Test Loss: 0.6241, Accuracy: 65.7092 %
Epoch 22, Train Loss: 0.5922, Accuracy: 68.1634 %
Test Loss: 0.5685, Accuracy: 70.1975 %
Epoch 23, Train Loss: 0.5915, Accuracy: 69.5555 %
Test Loss: 0.5726, Accuracy: 70.3770 %
Epoch 24, Train Loss: 0.5783, Accuracy: 71.4414 %
Test Loss: 0.5539, Accuracy: 75.2244 %
Epoch 25, Train Loss: 0.5627, Accuracy: 72.1150 %
Test Loss: 0.7781, Accuracy: 60.1436 %
Epoch 26, Train Loss: 0.5673, Accuracy: 72.0251 %
Test Loss: 0.6362, Accuracy: 65.7092 %
Epoch 27, Train Loss: 0.5623, Accuracy: 72.2946 %
Test Loss: 0.5184, Accuracy: 75.4039 %
Epoch 28, Train Loss: 0.5510, Accuracy: 72.4742 %
Test Loss: 0.5050, Accuracy: 77.9174 %
Epoch 29, Train Loss: 0.5316, Accuracy: 72.4293 %
Test Loss: 0.5784, Accuracy: 74.1472 %
Epoch 30, Train Loss: 0.5385, Accuracy: 74.0458 %
Test Loss: 0.7236, Accuracy: 66.9659 %
result plt ok.
cost 247.499016 s
最终结果: 测试损失: 0.7236, 准确率: 66.9659
finished.
