start ==========================
epoch 30
Using device: mps
model:vgg
lr:0.001
opt:SGD
输入3x100x100
VGG结构优化版，适合小尺寸输入
通道数减少，层数适中
每层后加BN和Dropout
多次MaxPool
使用AdaptiveAvgPool2d和Dropout
适合2分类

通道数为32-64-128，参数量大幅减少。
每个VGG block后有BN和Dropout，提升泛化。
池化步长为2，特征图不会过早变小。
最后全局平均池化+Dropout+全连接，防止过拟合。
train_data: 2227, test_data: 557, batch_size: 32
sample size:torch.Size([3, 100, 100])
Epoch 1, Train Loss: 0.7622, Accuracy: 50.6062 %
Test Loss: 0.6930, Accuracy: 51.8851 %
Epoch 2, Train Loss: 0.7554, Accuracy: 52.4472 %
Test Loss: 0.6945, Accuracy: 50.9874 %
Epoch 3, Train Loss: 0.7615, Accuracy: 49.5734 %
Test Loss: 0.6950, Accuracy: 51.3465 %
Epoch 4, Train Loss: 0.7447, Accuracy: 51.9982 %
Test Loss: 0.6963, Accuracy: 50.6284 %
Epoch 5, Train Loss: 0.7303, Accuracy: 54.3781 %
Test Loss: 0.6928, Accuracy: 52.2442 %
Epoch 6, Train Loss: 0.7447, Accuracy: 49.8877 %
Test Loss: 0.6917, Accuracy: 52.7828 %
Epoch 7, Train Loss: 0.7337, Accuracy: 53.2106 %
Test Loss: 0.6960, Accuracy: 50.9874 %
Epoch 8, Train Loss: 0.7302, Accuracy: 52.7167 %
Test Loss: 0.6895, Accuracy: 53.8600 %
Epoch 9, Train Loss: 0.7307, Accuracy: 52.3574 %
Test Loss: 0.6902, Accuracy: 53.6804 %
Epoch 10, Train Loss: 0.7235, Accuracy: 52.9861 %
Test Loss: 0.6848, Accuracy: 55.8348 %
Epoch 11, Train Loss: 0.7042, Accuracy: 54.6475 %
Test Loss: 0.6837, Accuracy: 55.6553 %
Epoch 12, Train Loss: 0.7093, Accuracy: 53.3902 %
Test Loss: 0.6835, Accuracy: 56.1939 %
Epoch 13, Train Loss: 0.7177, Accuracy: 52.7616 %
Test Loss: 0.6822, Accuracy: 56.1939 %
Epoch 14, Train Loss: 0.6969, Accuracy: 55.5905 %
Test Loss: 0.6806, Accuracy: 55.8348 %
Epoch 15, Train Loss: 0.7061, Accuracy: 53.4800 %
Test Loss: 0.6795, Accuracy: 56.3734 %
Epoch 16, Train Loss: 0.7028, Accuracy: 55.0516 %
Test Loss: 0.6741, Accuracy: 57.2711 %
Epoch 17, Train Loss: 0.6933, Accuracy: 55.5905 %
Test Loss: 0.6738, Accuracy: 56.3734 %
Epoch 18, Train Loss: 0.6943, Accuracy: 55.5456 %
Test Loss: 0.6763, Accuracy: 56.3734 %
Epoch 19, Train Loss: 0.6930, Accuracy: 56.0395 %
Test Loss: 0.6714, Accuracy: 57.2711 %
Epoch 20, Train Loss: 0.6935, Accuracy: 55.9946 %
Test Loss: 0.6682, Accuracy: 56.7325 %
Epoch 21, Train Loss: 0.6897, Accuracy: 55.5456 %
Test Loss: 0.6725, Accuracy: 56.1939 %
Epoch 22, Train Loss: 0.6826, Accuracy: 57.9704 %
Test Loss: 0.6706, Accuracy: 56.7325 %
Epoch 23, Train Loss: 0.6813, Accuracy: 56.9825 %
Test Loss: 0.6678, Accuracy: 56.7325 %
Epoch 24, Train Loss: 0.6814, Accuracy: 56.4885 %
Test Loss: 0.6650, Accuracy: 57.0916 %
Epoch 25, Train Loss: 0.6764, Accuracy: 58.4194 %
Test Loss: 0.6664, Accuracy: 56.3734 %
Epoch 26, Train Loss: 0.6752, Accuracy: 57.4764 %
Test Loss: 0.6650, Accuracy: 58.1688 %
Epoch 27, Train Loss: 0.6786, Accuracy: 58.2398 %
Test Loss: 0.6630, Accuracy: 57.6302 %
Epoch 28, Train Loss: 0.6783, Accuracy: 57.1172 %
Test Loss: 0.6607, Accuracy: 57.6302 %
Epoch 29, Train Loss: 0.6683, Accuracy: 59.6318 %
Test Loss: 0.6607, Accuracy: 57.6302 %
Epoch 30, Train Loss: 0.6718, Accuracy: 59.4971 %
Test Loss: 0.6600, Accuracy: 57.9892 %
result plt ok.
cost 253.855914 s
最终结果: 测试损失: 0.6600, 准确率: 57.9892
finished.
