start ==========================
epoch 50
Using device: mps
model:lenet
train_data: 2227, test_data: 557, batch_size: 64
Epoch 1, Train Loss: 0.6362, Accuracy: 61.8770 %
Test Loss: 0.5468, Accuracy: 73.7882 %
Epoch 2, Train Loss: 0.5298, Accuracy: 74.3152 %
Test Loss: 0.7476, Accuracy: 64.8115 %
Epoch 3, Train Loss: 0.4591, Accuracy: 80.0180 %
Test Loss: 0.6008, Accuracy: 72.8905 %
Epoch 4, Train Loss: 0.4199, Accuracy: 80.4670 %
Test Loss: 0.4376, Accuracy: 79.5332 %
Epoch 5, Train Loss: 0.4045, Accuracy: 81.2753 %
Test Loss: 0.4083, Accuracy: 82.0467 %
Epoch 6, Train Loss: 0.3663, Accuracy: 84.2838 %
Test Loss: 0.4159, Accuracy: 81.1490 %
Epoch 7, Train Loss: 0.3352, Accuracy: 85.4962 %
Test Loss: 0.7657, Accuracy: 69.1203 %
Epoch 8, Train Loss: 0.3072, Accuracy: 87.5617 %
Test Loss: 0.4183, Accuracy: 81.3285 %
Epoch 9, Train Loss: 0.3097, Accuracy: 86.9780 %
Test Loss: 0.4096, Accuracy: 82.5853 %
Epoch 10, Train Loss: 0.2884, Accuracy: 87.7414 %
Test Loss: 1.0671, Accuracy: 62.4776 %
Epoch 11, Train Loss: 0.2702, Accuracy: 88.9537 %
Test Loss: 0.3116, Accuracy: 85.9964 %
Epoch 12, Train Loss: 0.2261, Accuracy: 90.8846 %
Test Loss: 1.0290, Accuracy: 66.6068 %
Epoch 13, Train Loss: 0.2127, Accuracy: 90.4356 %
Test Loss: 1.3986, Accuracy: 63.7343 %
Epoch 14, Train Loss: 0.2027, Accuracy: 91.6031 %
Test Loss: 0.3443, Accuracy: 86.7145 %
Epoch 15, Train Loss: 0.1935, Accuracy: 92.3664 %
Test Loss: 0.5191, Accuracy: 82.7648 %
Epoch 16, Train Loss: 0.2037, Accuracy: 91.5581 %
Test Loss: 0.3262, Accuracy: 85.6373 %
Epoch 17, Train Loss: 0.1593, Accuracy: 93.7135 %
Test Loss: 0.3964, Accuracy: 86.1759 %
Epoch 18, Train Loss: 0.1378, Accuracy: 94.6565 %
Test Loss: 5.3771, Accuracy: 50.4488 %
Epoch 19, Train Loss: 0.1351, Accuracy: 95.1055 %
Test Loss: 0.4171, Accuracy: 86.1759 %
Epoch 20, Train Loss: 0.1402, Accuracy: 94.5218 %
Test Loss: 0.4378, Accuracy: 85.2783 %
Epoch 21, Train Loss: 0.1178, Accuracy: 95.5995 %
Test Loss: 0.4914, Accuracy: 84.2011 %
Epoch 22, Train Loss: 0.0698, Accuracy: 97.5303 %
Test Loss: 0.5696, Accuracy: 83.3034 %
Epoch 23, Train Loss: 0.0692, Accuracy: 97.5303 %
Test Loss: 0.3956, Accuracy: 85.8169 %
Epoch 24, Train Loss: 0.1331, Accuracy: 95.1953 %
Test Loss: 2.8607, Accuracy: 56.9120 %
Epoch 25, Train Loss: 0.0694, Accuracy: 97.1711 %
Test Loss: 0.8132, Accuracy: 76.3016 %
Epoch 26, Train Loss: 0.0445, Accuracy: 98.2937 %
Test Loss: 1.0677, Accuracy: 77.7379 %
Epoch 27, Train Loss: 0.0567, Accuracy: 98.0242 %
Test Loss: 0.7325, Accuracy: 82.4057 %
Epoch 28, Train Loss: 0.0543, Accuracy: 97.6201 %
Test Loss: 0.4806, Accuracy: 87.9713 %
Epoch 29, Train Loss: 0.0349, Accuracy: 98.8325 %
Test Loss: 0.4787, Accuracy: 86.7145 %
Epoch 30, Train Loss: 0.0512, Accuracy: 98.2488 %
Test Loss: 0.5037, Accuracy: 86.5350 %
Epoch 31, Train Loss: 0.0333, Accuracy: 98.9672 %
Test Loss: 0.9069, Accuracy: 79.7127 %
Epoch 32, Train Loss: 0.0227, Accuracy: 99.4163 %
Test Loss: 2.0858, Accuracy: 67.1454 %
Epoch 33, Train Loss: 0.0233, Accuracy: 99.2815 %
Test Loss: 0.4776, Accuracy: 87.7917 %
Epoch 34, Train Loss: 0.0122, Accuracy: 99.7306 %
Test Loss: 0.4875, Accuracy: 87.9713 %
Epoch 35, Train Loss: 0.0214, Accuracy: 99.2815 %
Test Loss: 2.2168, Accuracy: 69.2998 %
Epoch 36, Train Loss: 0.0290, Accuracy: 98.8774 %
Test Loss: 0.4591, Accuracy: 89.5871 %
Epoch 37, Train Loss: 0.0261, Accuracy: 99.1917 %
Test Loss: 1.5791, Accuracy: 78.2765 %
Epoch 38, Train Loss: 0.0290, Accuracy: 98.8774 %
Test Loss: 1.7427, Accuracy: 72.7110 %
Epoch 39, Train Loss: 0.0152, Accuracy: 99.4612 %
Test Loss: 0.5289, Accuracy: 86.1759 %
Epoch 40, Train Loss: 0.0318, Accuracy: 98.7427 %
Test Loss: 0.8209, Accuracy: 84.9192 %
Epoch 41, Train Loss: 0.1284, Accuracy: 95.4198 %
Test Loss: 1.0424, Accuracy: 78.2765 %
Epoch 42, Train Loss: 0.0702, Accuracy: 97.4405 %
Test Loss: 0.7988, Accuracy: 80.7899 %
Epoch 43, Train Loss: 0.0412, Accuracy: 98.3835 %
Test Loss: 0.4915, Accuracy: 88.1508 %
Epoch 44, Train Loss: 0.0393, Accuracy: 98.7427 %
Test Loss: 1.3099, Accuracy: 74.5063 %
Epoch 45, Train Loss: 0.0079, Accuracy: 99.8653 %
Test Loss: 0.4179, Accuracy: 88.8689 %
Epoch 46, Train Loss: 0.0043, Accuracy: 99.9551 %
Test Loss: 0.4857, Accuracy: 90.1257 %
Epoch 47, Train Loss: 0.0022, Accuracy: 100.0000 %
Test Loss: 0.4672, Accuracy: 89.2280 %
Epoch 48, Train Loss: 0.0016, Accuracy: 100.0000 %
Test Loss: 0.4813, Accuracy: 89.7666 %
Epoch 49, Train Loss: 0.0024, Accuracy: 100.0000 %
Test Loss: 0.5400, Accuracy: 89.5871 %
Epoch 50, Train Loss: 0.0030, Accuracy: 99.9551 %
Test Loss: 1.1730, Accuracy: 80.2513 %
result plt ok.
cost 304.071179 s
最终结果: 测试损失: 1.1730, 准确率: 80.2513
finished.
