start ==========================
epoch 50
lr:0.01

Using device: mps
model:nin

输入3x100x100
采用NIN结构
每个Block由NINBlock类实现
Block结构: Conv3x3+ReLU+Conv1x1+ReLU+Conv1x1+ReLU
多次MaxPool
使用Dropout
最后1x1卷积输出类别数
使用全局平均池化
适合2分类

train_data: 2227, test_data: 557, batch_size: 64
Epoch 1, Train Loss: 0.6934, Accuracy: 50.0674 %
Test Loss: 0.6931, Accuracy: 50.0898 %
Epoch 2, Train Loss: 0.6931, Accuracy: 50.0674 %
Test Loss: 0.6931, Accuracy: 50.0898 %
Epoch 3, Train Loss: 0.6931, Accuracy: 50.0674 %
Test Loss: 0.6931, Accuracy: 50.0898 %
Epoch 4, Train Loss: 0.6931, Accuracy: 50.0674 %
Test Loss: 0.6931, Accuracy: 50.0898 %
Epoch 5, Train Loss: 0.6931, Accuracy: 50.0674 %
Test Loss: 0.6931, Accuracy: 50.0898 %
Epoch 6, Train Loss: 0.6931, Accuracy: 50.0674 %
Test Loss: 0.6931, Accuracy: 50.0898 %
Epoch 7, Train Loss: 0.6931, Accuracy: 50.0674 %
Test Loss: 0.6931, Accuracy: 50.0898 %
Epoch 8, Train Loss: 0.6931, Accuracy: 50.0674 %
Test Loss: 0.6931, Accuracy: 50.0898 %
Epoch 9, Train Loss: 0.6931, Accuracy: 50.0674 %
Test Loss: 0.6931, Accuracy: 50.0898 %
Epoch 10, Train Loss: 0.6931, Accuracy: 50.0674 %
Test Loss: 0.6931, Accuracy: 50.0898 %
Epoch 11, Train Loss: 0.6931, Accuracy: 50.0674 %
Test Loss: 0.6931, Accuracy: 50.0898 %
Epoch 12, Train Loss: 0.6931, Accuracy: 50.0674 %
Test Loss: 0.6931, Accuracy: 50.0898 %
Epoch 13, Train Loss: 0.6931, Accuracy: 50.0674 %
Test Loss: 0.6931, Accuracy: 50.0898 %
Epoch 14, Train Loss: 0.6931, Accuracy: 50.0674 %
Test Loss: 0.6931, Accuracy: 50.0898 %
Epoch 15, Train Loss: 0.6931, Accuracy: 50.0674 %
Test Loss: 0.6931, Accuracy: 50.0898 %
Epoch 16, Train Loss: 0.6931, Accuracy: 50.0674 %
Test Loss: 0.6931, Accuracy: 50.0898 %
Epoch 17, Train Loss: 0.6931, Accuracy: 50.0674 %
Test Loss: 0.6931, Accuracy: 50.0898 %
Epoch 18, Train Loss: 0.6931, Accuracy: 50.0674 %
Test Loss: 0.6931, Accuracy: 50.0898 %
Epoch 19, Train Loss: 0.6931, Accuracy: 50.0674 %
Test Loss: 0.6931, Accuracy: 50.0898 %
Epoch 20, Train Loss: 0.6931, Accuracy: 50.0674 %
Test Loss: 0.6931, Accuracy: 50.0898 %
Epoch 21, Train Loss: 0.6931, Accuracy: 50.0674 %
Test Loss: 0.6931, Accuracy: 50.0898 %
Epoch 22, Train Loss: 0.6931, Accuracy: 50.0674 %
Test Loss: 0.6931, Accuracy: 50.0898 %
Epoch 23, Train Loss: 0.6931, Accuracy: 50.0674 %
Test Loss: 0.6931, Accuracy: 50.0898 %
Epoch 24, Train Loss: 0.6931, Accuracy: 50.0674 %
Test Loss: 0.6931, Accuracy: 50.0898 %
Epoch 25, Train Loss: 0.6931, Accuracy: 50.0674 %
Test Loss: 0.6931, Accuracy: 50.0898 %
Epoch 26, Train Loss: 0.6931, Accuracy: 50.0674 %
Test Loss: 0.6931, Accuracy: 50.0898 %
Epoch 27, Train Loss: 0.6931, Accuracy: 50.0674 %
Test Loss: 0.6931, Accuracy: 50.0898 %
Epoch 28, Train Loss: 0.6931, Accuracy: 50.0674 %
Test Loss: 0.6931, Accuracy: 50.0898 %
Epoch 29, Train Loss: 0.6931, Accuracy: 50.0674 %
Test Loss: 0.6931, Accuracy: 50.0898 %
Epoch 30, Train Loss: 0.6931, Accuracy: 50.0674 %
Test Loss: 0.6931, Accuracy: 50.0898 %
Epoch 31, Train Loss: 0.6931, Accuracy: 50.0674 %
Test Loss: 0.6931, Accuracy: 50.0898 %
Epoch 32, Train Loss: 0.6931, Accuracy: 50.0674 %
Test Loss: 0.6931, Accuracy: 50.0898 %
Epoch 33, Train Loss: 0.6931, Accuracy: 50.0674 %
Test Loss: 0.6931, Accuracy: 50.0898 %
Epoch 34, Train Loss: 0.6931, Accuracy: 50.0674 %
Test Loss: 0.6931, Accuracy: 50.0898 %
Epoch 35, Train Loss: 0.6931, Accuracy: 50.1123 %
Test Loss: 0.6931, Accuracy: 50.0898 %
Epoch 36, Train Loss: 0.6931, Accuracy: 50.0674 %
Test Loss: 0.6931, Accuracy: 50.0898 %
Epoch 37, Train Loss: 0.6931, Accuracy: 50.0674 %
Test Loss: 0.6931, Accuracy: 50.0898 %
Epoch 38, Train Loss: 0.6931, Accuracy: 50.0674 %
Test Loss: 0.6931, Accuracy: 50.0898 %
Epoch 39, Train Loss: 0.6931, Accuracy: 50.0674 %
Test Loss: 0.6931, Accuracy: 50.0898 %
Epoch 40, Train Loss: 0.6931, Accuracy: 50.0674 %
Test Loss: 0.6931, Accuracy: 50.0898 %
Epoch 41, Train Loss: 0.6931, Accuracy: 50.0674 %
Test Loss: 0.6931, Accuracy: 50.0898 %
Epoch 42, Train Loss: 0.6931, Accuracy: 50.0674 %
Test Loss: 0.6931, Accuracy: 50.0898 %
Epoch 43, Train Loss: 0.6931, Accuracy: 50.0674 %
Test Loss: 0.6931, Accuracy: 50.0898 %
Epoch 44, Train Loss: 0.6931, Accuracy: 50.0674 %
Test Loss: 0.6931, Accuracy: 50.0898 %
Epoch 45, Train Loss: 0.6931, Accuracy: 50.0674 %
Test Loss: 0.6931, Accuracy: 50.0898 %
Epoch 46, Train Loss: 0.6931, Accuracy: 50.0674 %
Test Loss: 0.6931, Accuracy: 50.0898 %
Epoch 47, Train Loss: 0.6931, Accuracy: 50.0674 %
Test Loss: 0.6931, Accuracy: 50.0898 %
Epoch 48, Train Loss: 0.6931, Accuracy: 50.0674 %
Test Loss: 0.6931, Accuracy: 50.0898 %
Epoch 49, Train Loss: 0.6931, Accuracy: 50.0674 %
Test Loss: 0.6931, Accuracy: 50.0898 %
Epoch 50, Train Loss: 0.6931, Accuracy: 50.0674 %
Test Loss: 0.6931, Accuracy: 50.0898 %
result plt ok.
cost 855.219972 s
最终结果: 测试损失: 0.6931, 准确率: 50.0898
finished.
