start ==========================
epoch 20
Using device: mps
model:fcn
num_class:21
lr:0.0001
opt:Adam

Epoch 1, Train Loss: 1.9564
Epoch 2, Train Loss: 0.2104
Epoch 3, Train Loss: 0.1237
Epoch 4, Train Loss: 0.0941
Epoch 5, Train Loss: 0.0910
Epoch 6, Train Loss: 0.0702
Epoch 7, Train Loss: 0.0612
Epoch 8, Train Loss: 0.0579
Epoch 9, Train Loss: 0.0565
Epoch 10, Train Loss: 0.0512
Epoch 11, Train Loss: 0.0539
Epoch 12, Train Loss: 0.0474
Epoch 13, Train Loss: 0.0413
Epoch 14, Train Loss: 0.0302
Epoch 15, Train Loss: 0.0265
Epoch 16, Train Loss: 0.0298
Epoch 17, Train Loss: 0.0284
Epoch 18, Train Loss: 0.0448
Epoch 19, Train Loss: 0.0300
Epoch 20, Train Loss: 0.0254
result plt ok.
cost 207.03011 s
最终结果: 训练损失: 0.0254
finished.
