start ==========================
epoch 100
Using device: mps
model:yolo_v1
lr:1e-06
opt:SGD
全连接层计算量过大，会产生约2亿参数,使用全卷积
在卷积层后直接使用Flatten+FC会破坏空间相关性
部分使用BN，
取消权重初始化，因为可能导致空张量问题
使用L2正则化
train sample size:<PIL.Image.Image image mode=RGB size=500x333 at 0x132087310>
Epoch 1, Train Loss: 106.7671
Epoch 2, Train Loss: 105.4415
Epoch 3, Train Loss: 104.8311
Epoch 4, Train Loss: 103.9622
Epoch 5, Train Loss: 103.1421
Epoch 6, Train Loss: 102.7806
Epoch 7, Train Loss: 102.2485
Epoch 8, Train Loss: 101.7940
Epoch 9, Train Loss: 101.6762
Epoch 10, Train Loss: 100.8262
Epoch 11, Train Loss: 100.7501
Epoch 12, Train Loss: 101.6948
Epoch 13, Train Loss: 101.0217
Epoch 14, Train Loss: 100.8358
Epoch 15, Train Loss: 100.5765
Epoch 16, Train Loss: 100.8072
Epoch 17, Train Loss: 100.3860
Epoch 18, Train Loss: 100.4830
Epoch 19, Train Loss: 100.6068
Epoch 20, Train Loss: 100.4909
Epoch 21, Train Loss: 100.2471
Epoch 22, Train Loss: 100.3487
Epoch 23, Train Loss: 100.5224
Epoch 24, Train Loss: 100.7111
Epoch 25, Train Loss: 101.0352
Epoch 26, Train Loss: 100.5069
Epoch 27, Train Loss: 100.6232
Epoch 28, Train Loss: 100.5040
Epoch 29, Train Loss: 100.3800
Epoch 30, Train Loss: 100.3279
Epoch 31, Train Loss: 100.4108
Epoch 32, Train Loss: 100.2483
Epoch 33, Train Loss: 100.3601
Epoch 34, Train Loss: 100.3419
Epoch 35, Train Loss: 100.2360
Epoch 36, Train Loss: 100.3723
Epoch 37, Train Loss: 100.2025
Epoch 38, Train Loss: 100.1943
Epoch 39, Train Loss: 100.1051
Epoch 40, Train Loss: 100.5242
Epoch 41, Train Loss: 100.1378
Epoch 42, Train Loss: 100.1096
Epoch 43, Train Loss: 100.1393
Epoch 44, Train Loss: 100.0091
Epoch 45, Train Loss: 100.1572
Epoch 46, Train Loss: 100.1239
Epoch 47, Train Loss: 100.1753
Epoch 48, Train Loss: 100.2238
Epoch 49, Train Loss: 100.0133
Epoch 50, Train Loss: 100.1203
Epoch 51, Train Loss: 100.2546
Epoch 52, Train Loss: 100.1144
Epoch 53, Train Loss: 100.0797
Epoch 54, Train Loss: 99.9197
Epoch 55, Train Loss: 99.9652
Epoch 56, Train Loss: 99.8277
Epoch 57, Train Loss: 99.6962
Epoch 58, Train Loss: 99.8943
Epoch 59, Train Loss: 99.8772
Epoch 60, Train Loss: 99.5958
Epoch 61, Train Loss: 99.4721
Epoch 62, Train Loss: 99.2469
Epoch 63, Train Loss: 99.3718
Epoch 64, Train Loss: 99.3060
Epoch 65, Train Loss: 99.3488
Epoch 66, Train Loss: 99.3786
Epoch 67, Train Loss: 99.4244
Epoch 68, Train Loss: 99.0305
Epoch 69, Train Loss: 99.0579
Epoch 70, Train Loss: 98.9369
Epoch 71, Train Loss: 98.8001
Epoch 72, Train Loss: 98.5270
Epoch 73, Train Loss: 98.6677
Epoch 74, Train Loss: 98.2115
Epoch 75, Train Loss: 98.4616
Epoch 76, Train Loss: 98.0832
Epoch 77, Train Loss: 98.1134
Epoch 78, Train Loss: 98.3375
Epoch 79, Train Loss: 97.8939
Epoch 80, Train Loss: 97.9839
Epoch 81, Train Loss: 97.9408
Epoch 82, Train Loss: 98.9847
Epoch 83, Train Loss: 98.1268
Epoch 84, Train Loss: 97.7469
Epoch 85, Train Loss: 97.3120
Epoch 86, Train Loss: 97.2056
Epoch 87, Train Loss: 97.2112
Epoch 88, Train Loss: 97.2365
Epoch 89, Train Loss: 96.8576
Epoch 90, Train Loss: 96.7928

