start ==========================
epoch 50
Using device: mps
model:lenet
lr:0.001
opt:Adam

输入30x30。类别62
使用BN
使用AdaptiveAvgPool2d
使用Dropout

train_data: 89973, test_data: 9997, batch_size: 64
trian sample size:torch.Size([3, 30, 30])
Epoch 1, Train Loss: 4.0691, Accuracy: 3.3043 %
Test Loss: 4.0427, Accuracy: 3.5011 %
Epoch 2, Train Loss: 2.8885, Accuracy: 26.2468 %
Test Loss: 1.8460, Accuracy: 49.5349 %
Epoch 3, Train Loss: 1.3838, Accuracy: 61.8041 %
Test Loss: 1.3246, Accuracy: 63.2890 %
Epoch 4, Train Loss: 1.0586, Accuracy: 70.3122 %
Test Loss: 1.3005, Accuracy: 64.7694 %
Epoch 5, Train Loss: 0.8890, Accuracy: 74.8491 %
Test Loss: 0.9415, Accuracy: 73.5321 %
Epoch 6, Train Loss: 0.7802, Accuracy: 77.6489 %
Test Loss: 0.8870, Accuracy: 74.8725 %
Epoch 7, Train Loss: 0.6963, Accuracy: 79.9429 %
Test Loss: 0.8083, Accuracy: 77.8834 %
Epoch 8, Train Loss: 0.6325, Accuracy: 81.5178 %
Test Loss: 0.7977, Accuracy: 77.7133 %
Epoch 9, Train Loss: 0.5778, Accuracy: 83.1049 %
Test Loss: 0.8210, Accuracy: 76.9231 %
Epoch 10, Train Loss: 0.5290, Accuracy: 84.4898 %
Test Loss: 0.7655, Accuracy: 78.8537 %
Epoch 11, Train Loss: 0.4948, Accuracy: 85.5401 %
Test Loss: 0.7668, Accuracy: 78.7936 %
Epoch 12, Train Loss: 0.4532, Accuracy: 86.7371 %
Test Loss: 0.7776, Accuracy: 78.8837 %
Epoch 13, Train Loss: 0.4288, Accuracy: 87.1806 %
Test Loss: 0.8113, Accuracy: 78.2335 %
Epoch 14, Train Loss: 0.3984, Accuracy: 88.1109 %
Test Loss: 0.8017, Accuracy: 78.9237 %
Epoch 15, Train Loss: 0.3786, Accuracy: 88.7833 %
Test Loss: 0.7653, Accuracy: 79.6139 %
Epoch 16, Train Loss: 0.3603, Accuracy: 89.1512 %
Test Loss: 0.7795, Accuracy: 79.3438 %
Epoch 17, Train Loss: 0.3347, Accuracy: 90.0503 %
Test Loss: 0.8653, Accuracy: 77.9134 %
Epoch 18, Train Loss: 0.3246, Accuracy: 90.3304 %
Test Loss: 0.7540, Accuracy: 79.8540 %
Epoch 19, Train Loss: 0.3076, Accuracy: 90.9039 %
Test Loss: 0.7830, Accuracy: 79.5639 %
Epoch 20, Train Loss: 0.2961, Accuracy: 91.2218 %
Test Loss: 0.8619, Accuracy: 78.8737 %
Epoch 21, Train Loss: 0.2829, Accuracy: 91.5152 %
Test Loss: 0.7401, Accuracy: 80.6742 %
Epoch 22, Train Loss: 0.2729, Accuracy: 91.7920 %
Test Loss: 0.7347, Accuracy: 80.9843 %
Epoch 23, Train Loss: 0.2580, Accuracy: 92.2521 %
Test Loss: 0.7898, Accuracy: 80.1941 %
Epoch 24, Train Loss: 0.2567, Accuracy: 92.3655 %
Test Loss: 0.7630, Accuracy: 80.6342 %
Epoch 25, Train Loss: 0.2413, Accuracy: 92.8779 %
Test Loss: 0.7505, Accuracy: 80.5842 %
Epoch 26, Train Loss: 0.2358, Accuracy: 93.0135 %
Test Loss: 0.8153, Accuracy: 79.5939 %
Epoch 27, Train Loss: 0.2363, Accuracy: 92.9479 %
Test Loss: 0.8703, Accuracy: 79.4738 %
早停触发...
Epoch 28, Train Loss: 0.2272, Accuracy: 93.2424 %
Test Loss: 0.8254, Accuracy: 79.8740 %
