start ==========================
epoch 50
Using device: mps
model:lenet
lr:0.001
opt:Adam

补充了2个卷积层
使用BN
使用AdaptiveAvgPool2d
使用Dropout

train_data: 2000, test_data: 500, batch_size: 64
trian sample size:torch.Size([3, 30, 30])
Epoch 1, Train Loss: 4.1838, Accuracy: 2.7000 %
Test Loss: 4.1597, Accuracy: 2.6000 %
Epoch 2, Train Loss: 4.0835, Accuracy: 3.9000 %
Test Loss: 4.0903, Accuracy: 3.8000 %
Epoch 3, Train Loss: 4.0513, Accuracy: 3.9500 %
Test Loss: 4.1813, Accuracy: 3.2000 %
Epoch 4, Train Loss: 4.0455, Accuracy: 4.2500 %
Test Loss: 4.1069, Accuracy: 3.2000 %
Epoch 5, Train Loss: 4.0255, Accuracy: 4.2000 %
Test Loss: 4.1713, Accuracy: 2.6000 %
Epoch 6, Train Loss: 4.0386, Accuracy: 3.7500 %
Test Loss: 4.1230, Accuracy: 3.0000 %
Epoch 7, Train Loss: 4.0200, Accuracy: 4.2500 %
Test Loss: 4.1570, Accuracy: 3.4000 %
Epoch 8, Train Loss: 4.0163, Accuracy: 3.8500 %
Test Loss: 4.1338, Accuracy: 3.4000 %
Epoch 9, Train Loss: 3.9920, Accuracy: 4.1000 %
Test Loss: 4.1576, Accuracy: 3.2000 %
Epoch 10, Train Loss: 3.9849, Accuracy: 4.5500 %
Test Loss: 4.1511, Accuracy: 4.8000 %
Epoch 11, Train Loss: 3.9696, Accuracy: 4.5500 %
Test Loss: 4.1750, Accuracy: 2.6000 %
Epoch 12, Train Loss: 3.9838, Accuracy: 4.8500 %
Test Loss: 4.1642, Accuracy: 3.4000 %
Epoch 13, Train Loss: 3.9762, Accuracy: 4.3000 %
Test Loss: 4.1871, Accuracy: 3.4000 %
Epoch 14, Train Loss: 3.9511, Accuracy: 4.5500 %
Test Loss: 4.2380, Accuracy: 3.0000 %
Epoch 15, Train Loss: 3.9585, Accuracy: 4.6500 %
Test Loss: 4.1906, Accuracy: 3.6000 %
Epoch 16, Train Loss: 3.9538, Accuracy: 4.4000 %
Test Loss: 4.1902, Accuracy: 3.4000 %
Epoch 17, Train Loss: 3.9366, Accuracy: 4.0500 %
Test Loss: 4.1600, Accuracy: 2.8000 %
Epoch 18, Train Loss: 3.9299, Accuracy: 4.4500 %
Test Loss: 4.2171, Accuracy: 3.2000 %
Epoch 19, Train Loss: 3.9184, Accuracy: 4.1500 %
Test Loss: 4.2254, Accuracy: 2.8000 %
Epoch 20, Train Loss: 3.9155, Accuracy: 5.0500 %
Test Loss: 4.2062, Accuracy: 2.6000 %
Epoch 21, Train Loss: 3.9046, Accuracy: 5.9000 %
Test Loss: 4.2019, Accuracy: 3.0000 %
Epoch 22, Train Loss: 3.9172, Accuracy: 4.4500 %
Test Loss: 4.1984, Accuracy: 2.8000 %
Epoch 23, Train Loss: 3.9023, Accuracy: 5.1500 %
Test Loss: 4.2037, Accuracy: 3.2000 %
Epoch 24, Train Loss: 3.8802, Accuracy: 5.2000 %
Test Loss: 4.2130, Accuracy: 1.6000 %
Epoch 25, Train Loss: 3.8598, Accuracy: 5.3500 %
Test Loss: 4.2410, Accuracy: 4.0000 %
Epoch 26, Train Loss: 3.8560, Accuracy: 5.1500 %
Test Loss: 4.2490, Accuracy: 2.2000 %
Epoch 27, Train Loss: 3.8675, Accuracy: 4.9500 %
Test Loss: 4.2479, Accuracy: 3.8000 %
Epoch 28, Train Loss: 3.8505, Accuracy: 5.0500 %
Test Loss: 4.2730, Accuracy: 3.4000 %
Epoch 29, Train Loss: 3.8394, Accuracy: 5.5500 %
Test Loss: 4.2597, Accuracy: 2.6000 %
Epoch 30, Train Loss: 3.8545, Accuracy: 5.7500 %
Test Loss: 4.2604, Accuracy: 2.8000 %
Epoch 31, Train Loss: 3.8517, Accuracy: 6.1500 %
Test Loss: 4.2674, Accuracy: 2.6000 %
Epoch 32, Train Loss: 3.8091, Accuracy: 6.0000 %
Test Loss: 4.3474, Accuracy: 2.6000 %
Epoch 33, Train Loss: 3.8277, Accuracy: 6.3500 %
Test Loss: 4.2775, Accuracy: 2.6000 %
Epoch 34, Train Loss: 3.7999, Accuracy: 6.0000 %
Test Loss: 4.3374, Accuracy: 3.0000 %
Epoch 35, Train Loss: 3.7921, Accuracy: 7.0000 %
Test Loss: 4.3192, Accuracy: 3.4000 %
Epoch 36, Train Loss: 3.7892, Accuracy: 6.8500 %
Test Loss: 4.3172, Accuracy: 3.8000 %
Epoch 37, Train Loss: 3.7722, Accuracy: 5.9500 %
Test Loss: 4.3360, Accuracy: 3.6000 %
Epoch 38, Train Loss: 3.7855, Accuracy: 6.2500 %
Test Loss: 4.3002, Accuracy: 2.2000 %
Epoch 39, Train Loss: 3.7566, Accuracy: 7.1000 %
Test Loss: 4.3124, Accuracy: 4.2000 %
Epoch 40, Train Loss: 3.7543, Accuracy: 6.0000 %
Test Loss: 4.3968, Accuracy: 2.0000 %
Epoch 41, Train Loss: 3.7518, Accuracy: 6.8000 %
Test Loss: 4.3918, Accuracy: 3.0000 %
Epoch 42, Train Loss: 3.7374, Accuracy: 6.4500 %
Test Loss: 4.3824, Accuracy: 3.8000 %
Epoch 43, Train Loss: 3.7190, Accuracy: 6.1000 %
Test Loss: 4.3940, Accuracy: 3.2000 %
Epoch 44, Train Loss: 3.7180, Accuracy: 7.1000 %
Test Loss: 4.3744, Accuracy: 3.4000 %
Epoch 45, Train Loss: 3.6959, Accuracy: 7.0000 %
Test Loss: 4.4069, Accuracy: 3.4000 %
Epoch 46, Train Loss: 3.6995, Accuracy: 6.8000 %
Test Loss: 4.4287, Accuracy: 2.6000 %
Epoch 47, Train Loss: 3.6737, Accuracy: 6.9000 %
Test Loss: 4.4166, Accuracy: 2.8000 %
Epoch 48, Train Loss: 3.6841, Accuracy: 7.4000 %
Test Loss: 4.4108, Accuracy: 4.2000 %
Epoch 49, Train Loss: 3.6560, Accuracy: 7.7500 %
Test Loss: 4.4595, Accuracy: 3.2000 %
Epoch 50, Train Loss: 3.6536, Accuracy: 7.1500 %
Test Loss: 4.4294, Accuracy: 4.0000 %
result plt ok.
cost 70.623533 s
最终结果: 测试损失: 4.4294, 准确率: 4.0000
finished.
